// Jest Snapshot v1, https://goo.gl/fbAQLP

exports[`#operation() should return a default when no operation 1`] = `
Operation {
  "contentType": undefined,
  "method": "get",
  "oas": Oas {
    "_dereferencing": Object {
      "complete": false,
      "processing": false,
    },
    "_promises": Array [],
    "user": Object {},
  },
  "path": "/unknown",
  "requestBodyExamples": undefined,
  "responseExamples": undefined,
  "schema": Object {
    "parameters": Array [],
  },
}
`;
