// Jest Snapshot v1, https://goo.gl/fbAQLP

exports[`#operation() should return a default when no operation 1`] = `
Operation {
  "dereferenced": undefined,
  "method": "get",
  "oas": Oas {
    "user": Object {},
  },
  "parameters": Array [],
  "path": "/unknown",
  "requestBodyExamples": undefined,
  "responseExamples": undefined,
}
`;
