// Jest Snapshot v1, https://goo.gl/fbAQLP

exports[`quirks $ref quirks should retain $ref pointers in the schema even if they're circular 1`] = `
Array [
  Object {
    "description": "OK",
    "label": "Response body",
    "schema": Object {
      "$schema": "http://json-schema.org/draft-04/schema#",
      "components": Object {
        "schemas": Object {
          "ProductStock": Object {
            "properties": Object {
              "test_param": Object {
                "items": Object {
                  "$ref": "#/components/schemas/SalesLine",
                },
                "type": "array",
              },
            },
          },
          "SalesLine": Object {
            "properties": Object {
              "stock": Object {
                "$ref": "#/components/schemas/ProductStock",
              },
            },
            "type": "object",
          },
          "dateTime": Object {
            "format": "date-time",
            "type": "string",
          },
          "offset": Object {
            "properties": Object {
              "id": Object {
                "type": "string",
              },
              "rules": Object {
                "$ref": "#/components/schemas/rules",
              },
            },
            "type": "object",
          },
          "offsetTransition": Object {
            "properties": Object {
              "dateTime": Object {
                "format": "date-time",
                "type": "string",
              },
              "offsetAfter": Object {
                "$ref": "#/components/schemas/offset",
              },
              "offsetBefore": Object {
                "$ref": "#/components/schemas/offset",
              },
            },
            "type": "object",
          },
          "rules": Object {
            "properties": Object {
              "transitions": Object {
                "items": Object {
                  "$ref": "#/components/schemas/offsetTransition",
                },
                "type": "array",
              },
            },
            "type": "object",
          },
        },
      },
      "items": Object {
        "$ref": "#/components/schemas/SalesLine",
      },
      "type": "array",
    },
    "type": "array",
  },
]
`;
